// Jest Snapshot v1, https://goo.gl/fbAQLP

exports[`WrapMovies should render 1`] = `
<div>
  <div
    class="wrapMovies"
  >
    <div
      class="wrapMovie"
    >
      <div
        class="movieCard"
      >
        <div
          class="wrapImage"
        >
          <div
            class="overlay"
          />
          <img
            alt=""
            class="image"
          />
          <span
            class="rating"
          >
            68
          </span>
          <div
            class="preview"
          />
        </div>
        <div
          class="content"
        >
          <h2
            class="title"
          >
            Красотка на взводе
          </h2>
          <p
            class="genre"
          >
            <span>
              Боевик
            </span>
            <span>
              Комедия
            </span>
          </p>
        </div>
      </div>
    </div>
    <div
      class="wrapMovie"
    >
      <div
        class="movieCard"
      >
        <div
          class="wrapImage"
        >
          <div
            class="overlay"
          />
          <img
            alt=""
            class="image"
          />
          <span
            class="rating"
          >
            72
          </span>
          <div
            class="preview"
          />
        </div>
        <div
          class="content"
        >
          <h2
            class="title"
          >
            Сокровище Счастливчика
          </h2>
          <p
            class="genre"
          >
            <span>
              Боевик
            </span>
            <span>
              Комедия
            </span>
            <span>
              Драма
            </span>
          </p>
        </div>
      </div>
    </div>
    <div
      class="wrapMovie"
    >
      <div
        class="movieCard"
      >
        <div
          class="wrapImage"
        >
          <div
            class="overlay"
          />
          <img
            alt=""
            class="image"
          />
          <span
            class="rating"
          >
            76
          </span>
          <div
            class="preview"
          />
        </div>
        <div
          class="content"
        >
          <h2
            class="title"
          >
            Сталинград
          </h2>
          <p
            class="genre"
          >
            <span>
              Боевик
            </span>
            <span>
              Комедия
            </span>
          </p>
        </div>
      </div>
    </div>
    <div
      class="wrapMovie"
    >
      <div
        class="movieCard"
      >
        <div
          class="wrapImage"
        >
          <div
            class="overlay"
          />
          <img
            alt=""
            class="image"
          />
          <span
            class="rating"
          >
            69
          </span>
          <div
            class="preview"
          />
        </div>
        <div
          class="content"
        >
          <h2
            class="title"
          >
            Люди в черном: Интернэшнл
          </h2>
          <p
            class="genre"
          >
            <span>
              Боевик
            </span>
            <span>
              Комедия
            </span>
          </p>
        </div>
      </div>
    </div>
    <div
      class="wrapMovie"
    >
      <div
        class="movieCard"
      >
        <div
          class="wrapImage"
        >
          <div
            class="overlay"
          />
          <img
            alt=""
            class="image"
          />
          <span
            class="rating"
          >
            96
          </span>
          <div
            class="preview"
          />
        </div>
        <div
          class="content"
        >
          <h2
            class="title"
          >
            Значит, война
          </h2>
          <p
            class="genre"
          >
            <span>
              Боевик
            </span>
          </p>
        </div>
      </div>
    </div>
    <div
      class="wrapMovie"
    >
      <div
        class="movieCard"
      >
        <div
          class="wrapImage"
        >
          <div
            class="overlay"
          />
          <img
            alt=""
            class="image"
          />
          <span
            class="rating"
          >
            77
          </span>
          <div
            class="preview"
          />
        </div>
        <div
          class="content"
        >
          <h2
            class="title"
          >
            Приключения желтого чемоданчика
          </h2>
          <p
            class="genre"
          >
            <span>
              Боевик
            </span>
          </p>
        </div>
      </div>
    </div>
    <div
      class="wrapMovie"
    >
      <div
        class="movieCard"
      >
        <div
          class="wrapImage"
        >
          <div
            class="overlay"
          />
          <img
            alt=""
            class="image"
          />
          <span
            class="rating"
          >
            79
          </span>
          <div
            class="preview"
          />
        </div>
        <div
          class="content"
        >
          <h2
            class="title"
          >
            Поезд в Пусан
          </h2>
          <p
            class="genre"
          >
            <span>
              Боевик
            </span>
          </p>
        </div>
      </div>
    </div>
    <div
      class="wrapMovie"
    >
      <div
        class="movieCard"
      >
        <div
          class="wrapImage"
        >
          <div
            class="overlay"
          />
          <img
            alt=""
            class="image"
          />
          <span
            class="rating"
          >
            79
          </span>
          <div
            class="preview"
          />
        </div>
        <div
          class="content"
        >
          <h2
            class="title"
          >
            Никто не выжил
          </h2>
          <p
            class="genre"
          >
            <span>
              Боевик
            </span>
          </p>
        </div>
      </div>
    </div>
    <div
      class="wrapMovie"
    >
      <div
        class="movieCard"
      >
        <div
          class="wrapImage"
        >
          <div
            class="overlay"
          />
          <img
            alt=""
            class="image"
          />
          <span
            class="rating"
          >
            53
          </span>
          <div
            class="preview"
          />
        </div>
        <div
          class="content"
        >
          <h2
            class="title"
          >
            Ведьма
          </h2>
          <p
            class="genre"
          >
            <span>
              Боевик
            </span>
          </p>
        </div>
      </div>
    </div>
    <div
      class="wrapMovie"
    >
      <div
        class="movieCard"
      >
        <div
          class="wrapImage"
        >
          <div
            class="overlay"
          />
          <img
            alt=""
            class="image"
          />
          <span
            class="rating"
          >
            53
          </span>
          <div
            class="preview"
          />
        </div>
        <div
          class="content"
        >
          <h2
            class="title"
          >
            Звёздные войны: Пробуждение силы
          </h2>
          <p
            class="genre"
          >
            <span>
              Боевик
            </span>
          </p>
        </div>
      </div>
    </div>
    <div
      class="wrapMovie"
    >
      <div
        class="movieCard"
      >
        <div
          class="wrapImage"
        >
          <div
            class="overlay"
          />
          <img
            alt=""
            class="image"
          />
          <span
            class="rating"
          >
            58
          </span>
          <div
            class="preview"
          />
        </div>
        <div
          class="content"
        >
          <h2
            class="title"
          >
            Марсианин
          </h2>
          <p
            class="genre"
          >
            <span>
              Боевик
            </span>
          </p>
        </div>
      </div>
    </div>
    <div
      class="wrapMovie"
    >
      <div
        class="movieCard"
      >
        <div
          class="wrapImage"
        >
          <div
            class="overlay"
          />
          <img
            alt=""
            class="image"
          />
          <span
            class="rating"
          >
            100
          </span>
          <div
            class="preview"
          />
        </div>
        <div
          class="content"
        >
          <h2
            class="title"
          >
            Республика Z
          </h2>
          <p
            class="genre"
          >
            <span>
              Боевик
            </span>
          </p>
        </div>
      </div>
    </div>
    <div
      class="wrapMovie"
    >
      <div
        class="movieCard"
      >
        <div
          class="wrapImage"
        >
          <div
            class="overlay"
          />
          <img
            alt=""
            class="image"
          />
          <span
            class="rating"
          >
            90
          </span>
          <div
            class="preview"
          />
        </div>
        <div
          class="content"
        >
          <h2
            class="title"
          >
            Планета 51
          </h2>
          <p
            class="genre"
          >
            <span>
              Боевик
            </span>
          </p>
        </div>
      </div>
    </div>
    <div
      class="wrapMovie"
    >
      <div
        class="movieCard"
      >
        <div
          class="wrapImage"
        >
          <div
            class="overlay"
          />
          <img
            alt=""
            class="image"
          />
          <span
            class="rating"
          >
            86
          </span>
          <div
            class="preview"
          />
        </div>
        <div
          class="content"
        >
          <h2
            class="title"
          >
            Красные туфельки и семь гномов
          </h2>
          <p
            class="genre"
          >
            <span>
              Боевик
            </span>
          </p>
        </div>
      </div>
    </div>
    <div
      class="wrapMovie"
    >
      <div
        class="movieCard"
      >
        <div
          class="wrapImage"
        >
          <div
            class="overlay"
          />
          <img
            alt=""
            class="image"
          />
          <span
            class="rating"
          >
            92
          </span>
          <div
            class="preview"
          />
        </div>
        <div
          class="content"
        >
          <h2
            class="title"
          >
            Капитошка
          </h2>
          <p
            class="genre"
          >
            <span>
              Боевик
            </span>
          </p>
        </div>
      </div>
    </div>
    <div
      class="wrapMovie"
    >
      <div
        class="movieCard"
      >
        <div
          class="wrapImage"
        >
          <div
            class="overlay"
          />
          <img
            alt=""
            class="image"
          />
          <span
            class="rating"
          >
            58
          </span>
          <div
            class="preview"
          />
        </div>
        <div
          class="content"
        >
          <h2
            class="title"
          >
            Война будущего
          </h2>
          <p
            class="genre"
          >
            <span>
              Боевик
            </span>
          </p>
        </div>
      </div>
    </div>
    <div
      class="wrapMovie"
    >
      <div
        class="movieCard"
      >
        <div
          class="wrapImage"
        >
          <div
            class="overlay"
          />
          <img
            alt=""
            class="image"
          />
          <span
            class="rating"
          >
            86
          </span>
          <div
            class="preview"
          />
        </div>
        <div
          class="content"
        >
          <h2
            class="title"
          >
            Чернобыль
          </h2>
          <p
            class="genre"
          >
            <span>
              Боевик
            </span>
          </p>
        </div>
      </div>
    </div>
    <div
      class="wrapMovie"
    >
      <div
        class="movieCard"
      >
        <div
          class="wrapImage"
        >
          <div
            class="overlay"
          />
          <img
            alt=""
            class="image"
          />
          <span
            class="rating"
          >
            81
          </span>
          <div
            class="preview"
          />
        </div>
        <div
          class="content"
        >
          <h2
            class="title"
          >
            Странный дом
          </h2>
          <p
            class="genre"
          >
            <span>
              Боевик
            </span>
          </p>
        </div>
      </div>
    </div>
    <div
      class="wrapMovie"
    >
      <div
        class="movieCard"
      >
        <div
          class="wrapImage"
        >
          <div
            class="overlay"
          />
          <img
            alt=""
            class="image"
          />
          <span
            class="rating"
          >
            79
          </span>
          <div
            class="preview"
          />
        </div>
        <div
          class="content"
        >
          <h2
            class="title"
          >
            Дальний космос
          </h2>
          <p
            class="genre"
          >
            <span>
              Боевик
            </span>
          </p>
        </div>
      </div>
    </div>
    <div
      class="wrapMovie"
    >
      <div
        class="movieCard"
      >
        <div
          class="wrapImage"
        >
          <div
            class="overlay"
          />
          <img
            alt=""
            class="image"
          />
          <span
            class="rating"
          >
            20
          </span>
          <div
            class="preview"
          />
        </div>
        <div
          class="content"
        >
          <h2
            class="title"
          >
            Мандалорец
          </h2>
          <p
            class="genre"
          >
            <span>
              Боевик
            </span>
          </p>
        </div>
      </div>
    </div>
  </div>
</div>
`;
