// Jest Snapshot v1, https://goo.gl/fbAQLP

exports[`Header should render 1`] = `
<div>
  <header
    class="header"
  >
    <div
      class="container"
    >
      <a
        href="/"
      >
        <h1
          class="title"
        >
          title
        </h1>
      </a>
      <form
        class="search"
      >
        <input
          class="input"
          placeholder="Movies, person, movie theaters"
          type="text"
          value=""
        />
        <button
          class="button"
          type="submit"
        />
      </form>
      <div
        class="languageBar"
      >
        <div
          class="menu"
        >
          en
        </div>
      </div>
    </div>
  </header>
</div>
`;
