// Jest Snapshot v1, https://goo.gl/fbAQLP

exports[`CategoriesSort should render 1`] = `
<div>
  <div
    class="categoriesSort"
  >
    <input
      checked=""
      id="radio-1"
      name="sort"
      type="radio"
      value="popular"
    />
    <label
      for="radio-1"
    >
      Popular
    </label>
    <input
      id="radio-2"
      name="sort"
      type="radio"
      value="top_rated"
    />
    <label
      for="radio-2"
    >
      Top rated
    </label>
    <input
      id="radio-3"
      name="sort"
      type="radio"
      value="upcoming"
    />
    <label
      for="radio-3"
    >
      Upcoming
    </label>
  </div>
</div>
`;
